# mysql-compat full transcript
--------------
DROP DATABASE IF EXISTS mysql_compat_metadata
--------------

Query OK, 0 rows affected, 1 warning

--------------
CREATE DATABASE mysql_compat_metadata
--------------

Query OK, 0 rows affected

--------------
CREATE TABLE mysql_metadata_table (
  id INT AUTO_INCREMENT PRIMARY KEY,
  code VARCHAR(20) NOT NULL UNIQUE,
  value_int INT DEFAULT 0 COMMENT 'metadata column'
) COMMENT='metadata table'
--------------

Query OK, 0 rows affected

--------------
CREATE INDEX mysql_metadata_value_index ON mysql_metadata_table (value_int)
--------------

Query OK, 0 rows affected

--------------
CREATE ALGORITHM=MERGE SQL SECURITY INVOKER VIEW mysql_metadata_view AS
  SELECT id, code, value_int FROM mysql_metadata_table
--------------

Query OK, 0 rows affected

--------------
CREATE FUNCTION mysql_metadata_function() RETURNS INT RETURN 1
--------------

Query OK, 0 rows affected

--------------
CREATE PROCEDURE mysql_metadata_procedure() BEGIN ATOMIC END
--------------

Query OK, 0 rows affected

--------------
INSERT INTO mysql_metadata_table (code, value_int) VALUES ('one', 1)
--------------

Query OK, 1 row affected

--------------
SELECT 'routine_invocation' AS test_name,
       mysql_metadata_function() = 1 AS passed
--------------

test_name	passed
routine_invocation	1
1 row in set

--------------
CALL mysql_metadata_procedure()
--------------

Query OK, 0 rows affected

--------------
SELECT 'view_modifiers' AS test_name,
       COUNT(*) = (SELECT COUNT(*) FROM mysql_metadata_table) AS passed
FROM mysql_metadata_view
--------------

test_name	passed
view_modifiers	1
1 row in set

--------------
SHOW TABLES
--------------

Tables_in_mysql_compat_metadata
mysql_metadata_table
mysql_metadata_view
2 rows in set

--------------
SHOW FULL TABLES
--------------

Tables_in_mysql_compat_metadata	table_type
mysql_metadata_table	BASE TABLE
mysql_metadata_view	VIEW
2 rows in set

--------------
SHOW TABLES LIKE 'mysql_metadata_%'
--------------

Tables_in_mysql_compat_metadata
mysql_metadata_table
mysql_metadata_view
2 rows in set

--------------
SHOW FULL TABLES LIKE 'mysql_metadata_%'
--------------

Tables_in_mysql_compat_metadata	table_type
mysql_metadata_table	BASE TABLE
mysql_metadata_view	VIEW
2 rows in set

--------------
SHOW COLUMNS FROM mysql_metadata_table
--------------

Field	Type	Null	Key	Default	Extra
id	int(11)	NO	PRI	NULL	auto_increment
code	varchar(20)	NO	UNI	NULL	
value_int	int(11)	YES	MUL	0	
3 rows in set

--------------
SHOW FULL COLUMNS FROM mysql_metadata_table
--------------

Field	Type	Collation	Null	Key	Default	Extra	Privileges	Comment
id	int(11)	NULL	NO	PRI	NULL	auto_increment	select,insert,update,references	
code	varchar(20)	case_insensitive	NO	UNI	NULL		select,insert,update,references	
value_int	int(11)	NULL	YES	MUL	0		select,insert,update,references	metadata column
3 rows in set

--------------
SHOW FIELDS FROM mysql_metadata_table
--------------

Field	Type	Null	Key	Default	Extra
id	int(11)	NO	PRI	NULL	auto_increment
code	varchar(20)	NO	UNI	NULL	
value_int	int(11)	YES	MUL	0	
3 rows in set

--------------
SHOW FIELDS FROM mysql_metadata_table LIKE 'id'
--------------

Field	Type	Null	Key	Default	Extra
id	int(11)	NO	PRI	NULL	auto_increment
1 row in set

--------------
DESC mysql_metadata_table
--------------

Field	Type	Null	Key	Default	Extra
id	int(11)	NO	PRI	NULL	auto_increment
code	varchar(20)	NO	UNI	NULL	
value_int	int(11)	YES	MUL	0	
3 rows in set

--------------
DESC mysql_metadata_table code
--------------

Field	Type	Null	Key	Default	Extra
code	varchar(20)	NO	UNI	NULL	
1 row in set

--------------
DESCRIBE mysql_metadata_table
--------------

Field	Type	Null	Key	Default	Extra
id	int(11)	NO	PRI	NULL	auto_increment
code	varchar(20)	NO	UNI	NULL	
value_int	int(11)	YES	MUL	0	
3 rows in set

--------------
SHOW INDEX FROM mysql_metadata_table
--------------

Table	Non_unique	Key_name	Seq_in_index	Column_name	Collation	Cardinality	Sub_part	Packed	Null	Index_type	Comment	Index_comment
mysql_metadata_table	0	PRIMARY	1	id	A	0	NULL	NULL		btree		
mysql_metadata_table	0	mysql_metadata_table_code_key	1	code	A	0	NULL	NULL		btree		
mysql_metadata_table	1	mysql_metadata_value_index	1	value_int	A	0	NULL	NULL	YES	btree		
3 rows in set

--------------
SHOW INDEXES FROM mysql_metadata_table
--------------

Table	Non_unique	Key_name	Seq_in_index	Column_name	Collation	Cardinality	Sub_part	Packed	Null	Index_type	Comment	Index_comment
mysql_metadata_table	0	PRIMARY	1	id	A	0	NULL	NULL		btree		
mysql_metadata_table	0	mysql_metadata_table_code_key	1	code	A	0	NULL	NULL		btree		
mysql_metadata_table	1	mysql_metadata_value_index	1	value_int	A	0	NULL	NULL	YES	btree		
3 rows in set

--------------
SHOW KEYS FROM mysql_metadata_table
--------------

Table	Non_unique	Key_name	Seq_in_index	Column_name	Collation	Cardinality	Sub_part	Packed	Null	Index_type	Comment	Index_comment
mysql_metadata_table	0	PRIMARY	1	id	A	0	NULL	NULL		btree		
mysql_metadata_table	0	mysql_metadata_table_code_key	1	code	A	0	NULL	NULL		btree		
mysql_metadata_table	1	mysql_metadata_value_index	1	value_int	A	0	NULL	NULL	YES	btree		
3 rows in set

--------------
SHOW CREATE TABLE mysql_metadata_table
--------------

Table	Create Table
mysql_metadata_table	CREATE TABLE `mysql_metadata_table` (
  `id` int(11) NOT NULL AUTO_INCREMENT,
  `code` varchar(20) NOT NULL COLLATE case_insensitive,
  `value_int` int(11) DEFAULT 0 COMMENT 'metadata column',
  PRIMARY KEY (`id`),
  UNIQUE KEY `mysql_metadata_table_code_key`(`code`),
  KEY `mysql_metadata_value_index`(`value_int`)
) ENGINE=InnoDB AUTO_INCREMENT=2 DEFAULT CHARSET=utf8mb4 COMMENT 'metadata table'
1 row in set

--------------
SHOW CREATE VIEW mysql_metadata_view
--------------

View	Create View	character_set_client	collation_connection
mysql_metadata_view	CREATE ALGORITHM=UNDEFINED DEFINER=`test`@`%` SQL SECURITY DEFINER VIEW `mysql_metadata_view` AS select `id``code``value_int` from `mysql_metadata_table`	utf8mb4	utf8mb4_general_ci
1 row in set

--------------
SHOW CREATE FUNCTION mysql.version
--------------

Function	sql_mode	Create Function	character_set_client	collation_connection	Database Collation
version	STRICT_TRANS_TABLES,NO_ZERO_IN_DATE,NO_ZERO_DATE,ERROR_FOR_DIVISION_BY_ZERO,NO_AUTO_CREATE_USER,NO_ENGINE_SUBSTITUTION	CREATE DEFINER=`<OSUSER>`@`%` FUNCTION `version`() RETURNS text
mysVersion	utf8mb4	utf8mb4_general_ci	utf8mb4_general_ci
1 row in set

--------------
SHOW CREATE FUNCTION mysql_metadata_function
--------------

Function	sql_mode	Create Function	character_set_client	collation_connection	Database Collation
mysql_metadata_function	STRICT_TRANS_TABLES,NO_ZERO_IN_DATE,NO_ZERO_DATE,ERROR_FOR_DIVISION_BY_ZERO,NO_AUTO_CREATE_USER,NO_ENGINE_SUBSTITUTION	CREATE DEFINER=`test`@`%` FUNCTION `mysql_metadata_function`() RETURNS integer
	utf8mb4	utf8mb4_general_ci	utf8mb4_general_ci
1 row in set

--------------
SHOW CREATE PROCEDURE mysql_metadata_procedure
--------------

Procedure	sql_mode	Create Procedure	character_set_client	collation_connection	Database Collation
mysql_metadata_procedure	STRICT_TRANS_TABLES,NO_ZERO_IN_DATE,NO_ZERO_DATE,ERROR_FOR_DIVISION_BY_ZERO,NO_AUTO_CREATE_USER,NO_ENGINE_SUBSTITUTION	CREATE DEFINER=`test`@`%` PROCEDURE `mysql_metadata_procedure`()
	utf8mb4	utf8mb4_general_ci	utf8mb4_general_ci
1 row in set

--------------
SHOW CREATE TRIGGER aitmysql_metadata_table
--------------

Trigger	sql_mode	SQL Original Statement	character_set_client	collation_connection	Database Collation	Created
aitmysql_metadata_table	ONLY_FULL_GROUP_BY,STRICT_TRANS_TABLES,NO_ZERO_IN_DATE,NO_ZERO_DATE,ERROR_FOR_DIVISION_BY_ZERO,NO_ENGINE_SUBSTITUTION	CREATE DEFINER=`test`@`%` TRIGGER `aitmysql_metadata_table` BEFORE INSERT ON `mysql_metadata_table` FOR EACH ROW BEGIN if New.id is not null then if 0 < New.id then PERFORM setval('mysql_compat_metadata.seqmysql_metadata_table'::regclass, New.id, true);elsif 0 = New.id then New.id = (select nextval('mysql_compat_metadata.seqmysql_metadata_table'::regclass)); end if; else New.id = (select nextval('mysql_compat_metadata.seqmysql_metadata_table'::regclass)); end if; RETURN NEW; END;	utf8mb4	utf8mb4_0900_ai_ci	utf8mb4_0900_ai_ci	NULL
1 row in set

--------------
SHOW DATABASES
--------------

database
information_schema
mys_sys
mysql
mysql_compat_metadata
performance_schema
sys
unvdb_mysqldb
7 rows in set

--------------
SHOW DATABASES LIKE 'mysql_compat_%'
--------------

database
mysql_compat_metadata
1 row in set

--------------
SHOW CHARACTER SET
--------------

charset	description	default collation	maxlen
utf8mb4	UTF-8 Unicode	utf8mb4_general_ci	4
1 row in set

--------------
SHOW COLLATION
--------------

Collation	Charset	id	Default	Compiled	sortlen
armscii8_general_ci	armscii8	32	Yes	Yes	1
armscii8_bin	armscii8	64		Yes	1
ascii_general_ci	ascii	11	Yes	Yes	1
ascii_bin	ascii	65		Yes	1
big5_chinese_ci	big5	1	Yes	Yes	1
big5_bin	big5	84		Yes	1
binary	binary	63	Yes	Yes	1
cp1250_general_ci	cp1250	26	Yes	Yes	1
cp1250_czech_cs	cp1250	34		Yes	2
cp1250_croatian_ci	cp1250	44		Yes	1
cp1250_bin	cp1250	66		Yes	1
cp1250_polish_ci	cp1250	99		Yes	1
cp1251_bulgarian_ci	cp1251	14		Yes	1
cp1251_ukrainian_ci	cp1251	23		Yes	1
cp1251_bin	cp1251	50		Yes	1
cp1251_general_ci	cp1251	51	Yes	Yes	1
cp1251_general_cs	cp1251	52		Yes	1
cp1256_general_ci	cp1256	57	Yes	Yes	1
cp1256_bin	cp1256	67		Yes	1
cp1257_lithuanian_ci	cp1257	29		Yes	1
cp1257_bin	cp1257	58		Yes	1
cp1257_general_ci	cp1257	59	Yes	Yes	1
cp850_general_ci	cp850	4	Yes	Yes	1
cp850_bin	cp850	80		Yes	1
cp852_general_ci	cp852	40	Yes	Yes	1
cp852_bin	cp852	81		Yes	1
cp866_general_ci	cp866	36	Yes	Yes	1
cp866_bin	cp866	68		Yes	1
cp932_japanese_ci	cp932	95	Yes	Yes	1
cp932_bin	cp932	96		Yes	1
dec8_swedish_ci	dec8	3	Yes	Yes	1
dec8_bin	dec8	69		Yes	1
eucjpms_japanese_ci	eucjpms	97	Yes	Yes	1
eucjpms_bin	eucjpms	98		Yes	1
euckr_korean_ci	euckr	19	Yes	Yes	1
euckr_bin	euckr	85		Yes	1
gb18030_chinese_ci	gb18030	248	Yes	Yes	2
gb18030_bin	gb18030	249		Yes	1
gb18030_unicode_520_ci	gb18030	250		Yes	8
gb2312_chinese_ci	gb2312	24	Yes	Yes	1
gb2312_bin	gb2312	86		Yes	1
gbk_chinese_ci	gbk	28	Yes	Yes	1
gbk_bin	gbk	87		Yes	1
geostd8_general_ci	geostd8	92	Yes	Yes	1
geostd8_bin	geostd8	93		Yes	1
greek_general_ci	greek	25	Yes	Yes	1
greek_bin	greek	70		Yes	1
hebrew_general_ci	hebrew	16	Yes	Yes	1
hebrew_bin	hebrew	71		Yes	1
hp8_english_ci	hp8	6	Yes	Yes	1
hp8_bin	hp8	72		Yes	1
keybcs2_general_ci	keybcs2	37	Yes	Yes	1
keybcs2_bin	keybcs2	73		Yes	1
koi8r_general_ci	koi8r	7	Yes	Yes	1
koi8r_bin	koi8r	74		Yes	1
koi8u_general_ci	koi8u	22	Yes	Yes	1
koi8u_bin	koi8u	75		Yes	1
latin1_german1_ci	latin1	5		Yes	1
latin1_swedish_ci	latin1	8	Yes	Yes	1
latin1_danish_ci	latin1	15		Yes	1
latin1_german2_ci	latin1	31		Yes	2
latin1_bin	latin1	47		Yes	1
latin1_general_ci	latin1	48		Yes	1
latin1_general_cs	latin1	49		Yes	1
latin1_spanish_ci	latin1	94		Yes	1
latin2_czech_cs	latin2	2		Yes	4
latin2_general_ci	latin2	9	Yes	Yes	1
latin2_hungarian_ci	latin2	21		Yes	1
latin2_croatian_ci	latin2	27		Yes	1
latin2_bin	latin2	77		Yes	1
latin5_turkish_ci	latin5	30	Yes	Yes	1
latin5_bin	latin5	78		Yes	1
latin7_estonian_cs	latin7	20		Yes	1
latin7_general_ci	latin7	41	Yes	Yes	1
latin7_general_cs	latin7	42		Yes	1
latin7_bin	latin7	79		Yes	1
macce_general_ci	macce	38	Yes	Yes	1
macce_bin	macce	43		Yes	1
macroman_general_ci	macroman	39	Yes	Yes	1
macroman_bin	macroman	53		Yes	1
sjis_japanese_ci	sjis	13	Yes	Yes	1
sjis_bin	sjis	88		Yes	1
swe7_swedish_ci	swe7	10	Yes	Yes	1
swe7_bin	swe7	82		Yes	1
tis620_thai_ci	tis620	18	Yes	Yes	4
tis620_bin	tis620	89		Yes	1
ucs2_general_ci	ucs2	35	Yes	Yes	1
ucs2_bin	ucs2	90		Yes	1
ucs2_unicode_ci	ucs2	128		Yes	8
ucs2_icelandic_ci	ucs2	129		Yes	8
ucs2_latvian_ci	ucs2	130		Yes	8
ucs2_romanian_ci	ucs2	131		Yes	8
ucs2_slovenian_ci	ucs2	132		Yes	8
ucs2_polish_ci	ucs2	133		Yes	8
ucs2_estonian_ci	ucs2	134		Yes	8
ucs2_spanish_ci	ucs2	135		Yes	8
ucs2_swedish_ci	ucs2	136		Yes	8
ucs2_turkish_ci	ucs2	137		Yes	8
ucs2_czech_ci	ucs2	138		Yes	8
ucs2_danish_ci	ucs2	139		Yes	8
ucs2_lithuanian_ci	ucs2	140		Yes	8
ucs2_slovak_ci	ucs2	141		Yes	8
ucs2_spanish2_ci	ucs2	142		Yes	8
ucs2_roman_ci	ucs2	143		Yes	8
ucs2_persian_ci	ucs2	144		Yes	8
ucs2_esperanto_ci	ucs2	145		Yes	8
ucs2_hungarian_ci	ucs2	146		Yes	8
ucs2_sinhala_ci	ucs2	147		Yes	8
ucs2_german2_ci	ucs2	148		Yes	8
ucs2_croatian_ci	ucs2	149		Yes	8
ucs2_unicode_520_ci	ucs2	150		Yes	8
ucs2_vietnamese_ci	ucs2	151		Yes	8
ucs2_general_mysql500_ci	ucs2	159		Yes	1
ujis_japanese_ci	ujis	12	Yes	Yes	1
ujis_bin	ujis	91		Yes	1
utf16_general_ci	utf16	54	Yes	Yes	1
utf16_bin	utf16	55		Yes	1
utf16_unicode_ci	utf16	101		Yes	8
utf16_icelandic_ci	utf16	102		Yes	8
utf16_latvian_ci	utf16	103		Yes	8
utf16_romanian_ci	utf16	104		Yes	8
utf16_slovenian_ci	utf16	105		Yes	8
utf16_polish_ci	utf16	106		Yes	8
utf16_estonian_ci	utf16	107		Yes	8
utf16_spanish_ci	utf16	108		Yes	8
utf16_swedish_ci	utf16	109		Yes	8
utf16_turkish_ci	utf16	110		Yes	8
utf16_czech_ci	utf16	111		Yes	8
utf16_danish_ci	utf16	112		Yes	8
utf16_lithuanian_ci	utf16	113		Yes	8
utf16_slovak_ci	utf16	114		Yes	8
utf16_spanish2_ci	utf16	115		Yes	8
utf16_roman_ci	utf16	116		Yes	8
utf16_persian_ci	utf16	117		Yes	8
utf16_esperanto_ci	utf16	118		Yes	8
utf16_hungarian_ci	utf16	119		Yes	8
utf16_sinhala_ci	utf16	120		Yes	8
utf16_german2_ci	utf16	121		Yes	8
utf16_croatian_ci	utf16	122		Yes	8
utf16_unicode_520_ci	utf16	123		Yes	8
utf16_vietnamese_ci	utf16	124		Yes	8
utf16le_general_ci	utf16le	56	Yes	Yes	1
utf16le_bin	utf16le	62		Yes	1
utf32_general_ci	utf32	60	Yes	Yes	1
utf32_bin	utf32	61		Yes	1
utf32_unicode_ci	utf32	160		Yes	8
utf32_icelandic_ci	utf32	161		Yes	8
utf32_latvian_ci	utf32	162		Yes	8
utf32_romanian_ci	utf32	163		Yes	8
utf32_slovenian_ci	utf32	164		Yes	8
utf32_polish_ci	utf32	165		Yes	8
utf32_estonian_ci	utf32	166		Yes	8
utf32_spanish_ci	utf32	167		Yes	8
utf32_swedish_ci	utf32	168		Yes	8
utf32_turkish_ci	utf32	169		Yes	8
utf32_czech_ci	utf32	170		Yes	8
utf32_danish_ci	utf32	171		Yes	8
utf32_lithuanian_ci	utf32	172		Yes	8
utf32_slovak_ci	utf32	173		Yes	8
utf32_spanish2_ci	utf32	174		Yes	8
utf32_roman_ci	utf32	175		Yes	8
utf32_persian_ci	utf32	176		Yes	8
utf32_esperanto_ci	utf32	177		Yes	8
utf32_hungarian_ci	utf32	178		Yes	8
utf32_sinhala_ci	utf32	179		Yes	8
utf32_german2_ci	utf32	180		Yes	8
utf32_croatian_ci	utf32	181		Yes	8
utf32_unicode_520_ci	utf32	182		Yes	8
utf32_vietnamese_ci	utf32	183		Yes	8
utf8mb3_general_ci	utf8mb3	33	Yes	Yes	1
utf8mb3_tolower_ci	utf8mb3	76		Yes	1
utf8mb3_bin	utf8mb3	83		Yes	1
utf8mb3_unicode_ci	utf8mb3	192		Yes	8
utf8mb3_icelandic_ci	utf8mb3	193		Yes	8
utf8mb3_latvian_ci	utf8mb3	194		Yes	8
utf8mb3_romanian_ci	utf8mb3	195		Yes	8
utf8mb3_slovenian_ci	utf8mb3	196		Yes	8
utf8mb3_polish_ci	utf8mb3	197		Yes	8
utf8mb3_estonian_ci	utf8mb3	198		Yes	8
utf8mb3_spanish_ci	utf8mb3	199		Yes	8
utf8mb3_swedish_ci	utf8mb3	200		Yes	8
utf8mb3_turkish_ci	utf8mb3	201		Yes	8
utf8mb3_czech_ci	utf8mb3	202		Yes	8
utf8mb3_danish_ci	utf8mb3	203		Yes	8
utf8mb3_lithuanian_ci	utf8mb3	204		Yes	8
utf8mb3_slovak_ci	utf8mb3	205		Yes	8
utf8mb3_spanish2_ci	utf8mb3	206		Yes	8
utf8mb3_roman_ci	utf8mb3	207		Yes	8
utf8mb3_persian_ci	utf8mb3	208		Yes	8
utf8mb3_esperanto_ci	utf8mb3	209		Yes	8
utf8mb3_hungarian_ci	utf8mb3	210		Yes	8
utf8mb3_sinhala_ci	utf8mb3	211		Yes	8
utf8mb3_german2_ci	utf8mb3	212		Yes	8
utf8mb3_croatian_ci	utf8mb3	213		Yes	8
utf8mb3_unicode_520_ci	utf8mb3	214		Yes	8
utf8mb3_vietnamese_ci	utf8mb3	215		Yes	8
utf8mb3_general_mysql500_ci	utf8mb3	223		Yes	1
utf8mb4_general_ci	utf8mb4	45		Yes	1
utf8mb4_bin	utf8mb4	46		Yes	1
utf8mb4_unicode_ci	utf8mb4	224		Yes	8
utf8mb4_icelandic_ci	utf8mb4	225		Yes	8
utf8mb4_latvian_ci	utf8mb4	226		Yes	8
utf8mb4_romanian_ci	utf8mb4	227		Yes	8
utf8mb4_slovenian_ci	utf8mb4	228		Yes	8
utf8mb4_polish_ci	utf8mb4	229		Yes	8
utf8mb4_estonian_ci	utf8mb4	230		Yes	8
utf8mb4_spanish_ci	utf8mb4	231		Yes	8
utf8mb4_swedish_ci	utf8mb4	232		Yes	8
utf8mb4_turkish_ci	utf8mb4	233		Yes	8
utf8mb4_czech_ci	utf8mb4	234		Yes	8
utf8mb4_danish_ci	utf8mb4	235		Yes	8
utf8mb4_lithuanian_ci	utf8mb4	236		Yes	8
utf8mb4_slovak_ci	utf8mb4	237		Yes	8
utf8mb4_spanish2_ci	utf8mb4	238		Yes	8
utf8mb4_roman_ci	utf8mb4	239		Yes	8
utf8mb4_persian_ci	utf8mb4	240		Yes	8
utf8mb4_esperanto_ci	utf8mb4	241		Yes	8
utf8mb4_hungarian_ci	utf8mb4	242		Yes	8
utf8mb4_sinhala_ci	utf8mb4	243		Yes	8
utf8mb4_german2_ci	utf8mb4	244		Yes	8
utf8mb4_croatian_ci	utf8mb4	245		Yes	8
utf8mb4_unicode_520_ci	utf8mb4	246		Yes	8
utf8mb4_vietnamese_ci	utf8mb4	247		Yes	8
utf8mb4_0900_ai_ci	utf8mb4	255	Yes	Yes	0
utf8mb4_de_pb_0900_ai_ci	utf8mb4	256		Yes	0
utf8mb4_is_0900_ai_ci	utf8mb4	257		Yes	0
utf8mb4_lv_0900_ai_ci	utf8mb4	258		Yes	0
utf8mb4_ro_0900_ai_ci	utf8mb4	259		Yes	0
utf8mb4_sl_0900_ai_ci	utf8mb4	260		Yes	0
utf8mb4_pl_0900_ai_ci	utf8mb4	261		Yes	0
utf8mb4_et_0900_ai_ci	utf8mb4	262		Yes	0
utf8mb4_es_0900_ai_ci	utf8mb4	263		Yes	0
utf8mb4_sv_0900_ai_ci	utf8mb4	264		Yes	0
utf8mb4_tr_0900_ai_ci	utf8mb4	265		Yes	0
utf8mb4_cs_0900_ai_ci	utf8mb4	266		Yes	0
utf8mb4_da_0900_ai_ci	utf8mb4	267		Yes	0
utf8mb4_lt_0900_ai_ci	utf8mb4	268		Yes	0
utf8mb4_sk_0900_ai_ci	utf8mb4	269		Yes	0
utf8mb4_es_trad_0900_ai_ci	utf8mb4	270		Yes	0
utf8mb4_la_0900_ai_ci	utf8mb4	271		Yes	0
utf8mb4_eo_0900_ai_ci	utf8mb4	273		Yes	0
utf8mb4_hu_0900_ai_ci	utf8mb4	274		Yes	0
utf8mb4_hr_0900_ai_ci	utf8mb4	275		Yes	0
utf8mb4_vi_0900_ai_ci	utf8mb4	277		Yes	0
utf8mb4_0900_as_cs	utf8mb4	278		Yes	0
utf8mb4_de_pb_0900_as_cs	utf8mb4	279		Yes	0
utf8mb4_is_0900_as_cs	utf8mb4	280		Yes	0
utf8mb4_lv_0900_as_cs	utf8mb4	281		Yes	0
utf8mb4_ro_0900_as_cs	utf8mb4	282		Yes	0
utf8mb4_sl_0900_as_cs	utf8mb4	283		Yes	0
utf8mb4_pl_0900_as_cs	utf8mb4	284		Yes	0
utf8mb4_et_0900_as_cs	utf8mb4	285		Yes	0
utf8mb4_es_0900_as_cs	utf8mb4	286		Yes	0
utf8mb4_sv_0900_as_cs	utf8mb4	287		Yes	0
utf8mb4_tr_0900_as_cs	utf8mb4	288		Yes	0
utf8mb4_cs_0900_as_cs	utf8mb4	289		Yes	0
utf8mb4_da_0900_as_cs	utf8mb4	290		Yes	0
utf8mb4_lt_0900_as_cs	utf8mb4	291		Yes	0
utf8mb4_sk_0900_as_cs	utf8mb4	292		Yes	0
utf8mb4_es_trad_0900_as_cs	utf8mb4	293		Yes	0
utf8mb4_la_0900_as_cs	utf8mb4	294		Yes	0
utf8mb4_eo_0900_as_cs	utf8mb4	296		Yes	0
utf8mb4_hu_0900_as_cs	utf8mb4	297		Yes	0
utf8mb4_hr_0900_as_cs	utf8mb4	298		Yes	0
utf8mb4_vi_0900_as_cs	utf8mb4	300		Yes	0
utf8mb4_ja_0900_as_cs	utf8mb4	303		Yes	0
utf8mb4_ja_0900_as_cs_ks	utf8mb4	304		Yes	24
utf8mb4_0900_as_ci	utf8mb4	305		Yes	0
utf8mb4_ru_0900_ai_ci	utf8mb4	306		Yes	0
utf8mb4_ru_0900_as_cs	utf8mb4	307		Yes	0
utf8mb4_zh_0900_as_cs	utf8mb4	308		Yes	0
utf8mb4_0900_bin	utf8mb4	309		Yes	1
utf8mb4_nb_0900_ai_ci	utf8mb4	310		Yes	0
utf8mb4_nb_0900_as_cs	utf8mb4	311		Yes	0
utf8mb4_nn_0900_ai_ci	utf8mb4	312		Yes	0
utf8mb4_nn_0900_as_cs	utf8mb4	313		Yes	0
utf8mb4_sr_latn_0900_ai_ci	utf8mb4	314		Yes	0
utf8mb4_sr_latn_0900_as_cs	utf8mb4	315		Yes	0
utf8mb4_bs_0900_ai_ci	utf8mb4	316		Yes	0
utf8mb4_bs_0900_as_cs	utf8mb4	317		Yes	0
utf8mb4_bg_0900_ai_ci	utf8mb4	318		Yes	0
utf8mb4_bg_0900_as_cs	utf8mb4	319		Yes	0
utf8mb4_gl_0900_ai_ci	utf8mb4	320		Yes	0
utf8mb4_gl_0900_as_cs	utf8mb4	321		Yes	0
utf8mb4_mn_cyrl_0900_ai_ci	utf8mb4	322		Yes	0
utf8mb4_mn_cyrl_0900_as_cs	utf8mb4	323		Yes	0
286 rows in set

--------------
SHOW ENGINES
--------------

engine	support	comment	transactions	xa	savepoints
InnoDB	DEFAULT	Supports transactions, row-level locking, and foreign keys	YES	YES	YES
MRG_MYISAM	YES	Collection of identical MyISAM tables	NO	NO	NO
MEMORY	YES	Hash based, stored in memory, useful for temporary tables	NO	NO	NO
BLACKHOLE	YES	/dev/null storage engine (anything you write to it disappears)	NO	NO	NO
MyISAM	YES	MyISAM storage engine	NO	NO	NO
CSV	YES	CSV storage engine	NO	NO	NO
ARCHIVE	YES	Archive storage engine	NO	NO	NO
PERFORMANCE_SCHEMA	YES	Performance Schema	NO	NO	NO
FEDERATED	NO	Federated MySQL storage engine	NULL	NULL	NULL
9 rows in set

--------------
SHOW STORAGE ENGINES
--------------

engine	support	comment	transactions	xa	savepoints
InnoDB	DEFAULT	Supports transactions, row-level locking, and foreign keys	YES	YES	YES
MRG_MYISAM	YES	Collection of identical MyISAM tables	NO	NO	NO
MEMORY	YES	Hash based, stored in memory, useful for temporary tables	NO	NO	NO
BLACKHOLE	YES	/dev/null storage engine (anything you write to it disappears)	NO	NO	NO
MyISAM	YES	MyISAM storage engine	NO	NO	NO
CSV	YES	CSV storage engine	NO	NO	NO
ARCHIVE	YES	Archive storage engine	NO	NO	NO
PERFORMANCE_SCHEMA	YES	Performance Schema	NO	NO	NO
FEDERATED	NO	Federated MySQL storage engine	NULL	NULL	NULL
9 rows in set

--------------
SHOW PLUGINS
--------------

Empty set

--------------
SHOW SESSION VARIABLES LIKE 'sql_mode'
--------------

variable_name	value
sql_mode	
1 row in set

--------------
SHOW GLOBAL VARIABLES LIKE 'sql_mode'
--------------

variable_name	value
sql_mode	
1 row in set

--------------
SHOW STATUS LIKE 'server_version'
--------------

Variable_name	Value
server_version	18.3
1 row in set

--------------
SHOW SESSION STATUS LIKE 'server_version'
--------------

Variable_name	Value
server_version	18.3
1 row in set

--------------
SHOW GLOBAL STATUS LIKE 'server_version'
--------------

Variable_name	Value
server_version	18.3
1 row in set

--------------
SHOW PROCESSLIST
--------------

Id	User	Host	db	Command	Time	State	Info
1	 	 	 	 	0	 	 
1 row in set

--------------
SHOW FULL PROCESSLIST
--------------

Id	User	Host	db	Command	Time	State	Info
1	 	 	 	 	0	 	 
1 row in set

--------------
SHOW TRIGGERS
--------------

trigger	event	table	statement	timing	created	sql_mode	definer	character_set_client	collation_connection	database collation
aitmysql_metadata_table	INSERT	mysql_metadata_table	BEGIN if New.id is not null then if 0 < New.id then PERFORM setval('mysql_compat_metadata.seqmysql_metadata_table'::regclass, New.id, true);elsif 0 = New.id then New.id = (select nextval('mysql_compat_metadata.seqmysql_metadata_table'::regclass)); end if; else New.id = (select nextval('mysql_compat_metadata.seqmysql_metadata_table'::regclass)); end if; RETURN NEW; END;	BEFORE	NULL	ONLY_FULL_GROUP_BY,STRICT_TRANS_TABLES,NO_ZERO_IN_DATE,NO_ZERO_DATE,ERROR_FOR_DIVISION_BY_ZERO,NO_ENGINE_SUBSTITUTION	test	utf8mb4	utf8mb4_0900_ai_ci	utf8mb4_0900_ai_ci
1 row in set

--------------
SELECT 'metadata_tables' AS test_name,
       COUNT(*) = 1 AS passed
FROM mys_informa_schema.tables
WHERE table_schema = 'mysql_compat_metadata'
  AND table_name IN ('mysql_metadata_table', 'mysql_metadata_view')
--------------

test_name	passed
metadata_tables	1
1 row in set

--------------
SELECT 'information_schema_columns' AS test_name,
       COUNT(*) = 3 AS passed
FROM information_schema.columns
WHERE table_schema = 'mysql_compat_metadata' AND table_name = 'mysql_metadata_table'
--------------

test_name	passed
information_schema_columns	1
1 row in set

--------------
SELECT 'metadata_indexes' AS test_name,
       COUNT(*) = 3 AS passed
FROM mys_informa_schema.indexs
WHERE schema_name = 'mysql_compat_metadata'
  AND table_name = 'mysql_metadata_table'
--------------

test_name	passed
metadata_indexes	1
1 row in set

--------------
SELECT 'information_schema_statistics' AS test_name,
       COUNT(*) >= 2 AS passed
FROM information_schema.statistics
WHERE table_schema = 'mysql_compat_metadata'
  AND table_name = 'mysql_metadata_table'
--------------

test_name	passed
information_schema_statistics	1
1 row in set

--------------
SELECT 'metadata_view' AS test_name,
       COUNT(*) = 1 AS passed
FROM mys_informa_schema.views
WHERE table_schema = 'mysql_compat_metadata'
  AND table_name = 'mysql_metadata_view'
--------------

test_name	passed
metadata_view	1
1 row in set

--------------
SELECT 'metadata_routines' AS test_name,
       COUNT(*) = 2 AS passed
FROM mys_informa_schema.routines
WHERE routine_schema = 'mysql_compat_metadata'
  AND routine_name IN ('mysql_metadata_function', 'mysql_metadata_procedure')
--------------

test_name	passed
metadata_routines	1
1 row in set

--------------
SELECT 'performance_schema_queryable' AS test_name,
       COUNT(*) >= 0 AS passed FROM performance_schema.accounts
--------------

test_name	passed
performance_schema_queryable	1
1 row in set

--------------
SELECT 'sys_schema_queryable' AS test_name,
       COUNT(*) >= 0 AS passed FROM sys.innodb_lock_waits
--------------

test_name	passed
sys_schema_queryable	1
1 row in set

--------------
LOCK TABLES mysql_metadata_table LOW_PRIORITY WRITE, mysql_metadata_view READ
--------------

Query OK, 0 rows affected

--------------
UNLOCK TABLES
--------------

Query OK, 0 rows affected

--------------
CHECKSUM TABLE mysql_metadata_table
--------------

Table	Checksum
mysql_compat_metadata.mysql_metadata_table	2686538710
1 row in set

--------------
ANALYZE TABLE mysql_metadata_table
--------------

Table	Op	Msg_type	Msg_text
mysql_compat_metadata.mysql_metadata_table	ANALYZE	status	OK
1 row in set

--------------
CHECK TABLE mysql_metadata_table
--------------

Table	Op	Msg_type	Msg_text
mysql_compat_metadata.mysql_metadata_table	CHECK	status	OK
1 row in set

--------------
OPTIMIZE TABLE mysql_metadata_table
--------------

Table	Op	Msg_type	Msg_text
mysql_compat_metadata.mysql_metadata_table	OPTIMIZE	status	OK
1 row in set

--------------
REPAIR TABLE mysql_metadata_table
--------------

Table	Op	Msg_type	Msg_text
mysql_compat_metadata.mysql_metadata_table	REPAIR	status	OK
1 row in set

--------------
FLUSH TABLES
--------------

Query OK, 0 rows affected

--------------
RESET QUERY CACHE
--------------

Query OK, 0 rows affected

--------------
SELECT 'admin_commands_leave_table_usable' AS test_name,
       COUNT(*) = 1 AS passed FROM mysql_metadata_table
--------------

test_name	passed
admin_commands_leave_table_usable	1
1 row in set

--------------
DROP DATABASE mysql_compat_metadata
--------------

Query OK, 0 rows affected, 1 warning

Bye
