CREATE EXTENSION aux_mysql VERSION '1.1';
SELECT extversion
FROM pg_extension
WHERE extname = 'aux_mysql';
 extversion 
------------
 1.1
(1 row)

ALTER EXTENSION aux_mysql UPDATE TO '1.2';
SELECT extversion
FROM pg_extension
WHERE extname = 'aux_mysql';
 extversion 
------------
 1.2
(1 row)

ALTER EXTENSION aux_mysql UPDATE TO '1.3';
SELECT extversion
FROM pg_extension
WHERE extname = 'aux_mysql';
 extversion 
------------
 1.3
(1 row)

ALTER EXTENSION aux_mysql UPDATE TO '1.4';
SELECT extversion
FROM pg_extension
WHERE extname = 'aux_mysql';
 extversion 
------------
 1.4
(1 row)

ALTER EXTENSION aux_mysql UPDATE TO '1.5';
SELECT extversion
FROM pg_extension
WHERE extname = 'aux_mysql';
 extversion 
------------
 1.5
(1 row)

ALTER EXTENSION aux_mysql UPDATE TO '1.6';
SELECT extversion
FROM pg_extension
WHERE extname = 'aux_mysql';
 extversion 
------------
 1.6
(1 row)

SELECT mysql.uuid() IS NOT NULL AS uuid_generated;
 uuid_generated 
----------------
 t
(1 row)

CREATE SEQUENCE aux_mysql_versioning_seq;
SELECT mysql.setval('aux_mysql_versioning_seq'::regclass, 5, true);
 setval 
--------
      5
(1 row)

SELECT nextval('aux_mysql_versioning_seq');
 nextval 
---------
       6
(1 row)

DROP SEQUENCE aux_mysql_versioning_seq;
DROP EXTENSION aux_mysql;
